
===== 物品复活系统 =====
1. 登录
2. 注册
e. 退出程序
请选择操作: ===== 用户注册 =====
用户名: 密码: 住址: 联系电话: 邮箱: 注册成功！请等待管理员审批后即可登录使用。

===== 物品复活系统 =====
1. 登录
2. 注册
e. 退出程序
请选择操作: ===== 用户登录 =====
用户名: 密码: 登录成功！

===== 管理员菜单 =====
1. 添加物品
2. 删除物品
3. 查看所有物品
4. 搜索物品
5. 管理物品类型
6. 审批用户
e. 退出登录
请选择操作: 
===== 物品类型管理 =====
1. 查看所有物品类型
2. 添加新物品类型
3. 修改物品类型属性
b. 返回
请选择操作: ===== 物品类型列表 =====
[1] 类型名称: 食品
属性列表:
  - 保质期 (字符串)
  - 数量 (整数)

[2] 类型名称: 书籍
属性列表:
  - 作者 (字符串)
  - 出版社 (字符串)

[3] 类型名称: 工具
属性列表:
  - 工具状态 (字符串)

[4] 类型名称: 其他
属性列表:
  (无属性)


===== 物品类型管理 =====
1. 查看所有物品类型
2. 添加新物品类型
3. 修改物品类型属性
b. 返回
请选择操作: 
===== 管理员菜单 =====
1. 添加物品
2. 删除物品
3. 查看所有物品
4. 搜索物品
5. 管理物品类型
6. 审批用户
e. 退出登录
请选择操作: 
===== 物品类型管理 =====
1. 查看所有物品类型
2. 添加新物品类型
3. 修改物品类型属性
b. 返回
请选择操作: 请输入新物品类型名称: 物品类型添加成功！
是否添加属性？(y/n): 属性名称: 属性类型 (1-字符串, 2-整数, 3-浮点数): 属性添加成功！
是否添加属性？(y/n): 属性名称: 属性类型 (1-字符串, 2-整数, 3-浮点数): 属性添加成功！
是否添加属性？(y/n): 
===== 物品类型管理 =====
1. 查看所有物品类型
2. 添加新物品类型
3. 修改物品类型属性
b. 返回
请选择操作: 
===== 管理员菜单 =====
1. 添加物品
2. 删除物品
3. 查看所有物品
4. 搜索物品
5. 管理物品类型
6. 审批用户
e. 退出登录
请选择操作: 
===== 待审批用户列表 =====
[1] 
用户名: testuser1
用户类型: 普通用户
状态: 待审批
住址: 地址1
电话: 13800138001
邮箱: user1@test.com

请输入要批准的用户名（输入 'b' 返回）: 批准失败！用户名不存在或已被批准。

===== 管理员菜单 =====
1. 添加物品
2. 删除物品
3. 查看所有物品
4. 搜索物品
5. 管理物品类型
6. 审批用户
e. 退出登录
请选择操作: 无效选择！

===== 管理员菜单 =====
1. 添加物品
2. 删除物品
3. 查看所有物品
4. 搜索物品
5. 管理物品类型
6. 审批用户
e. 退出登录
请选择操作: 无效选择！

===== 管理员菜单 =====
1. 添加物品
2. 删除物品
3. 查看所有物品
4. 搜索物品
5. 管理物品类型
6. 审批用户
e. 退出登录
请选择操作: 无效选择！

===== 管理员菜单 =====
1. 添加物品
2. 删除物品
3. 查看所有物品
4. 搜索物品
5. 管理物品类型
6. 审批用户
e. 退出登录
请选择操作: 已退出登录。

===== 物品复活系统 =====
1. 登录
2. 注册
e. 退出程序
请选择操作: ===== 用户登录 =====
用户名: 密码: 用户名或密码错误！

===== 物品复活系统 =====
1. 登录
2. 注册
e. 退出程序
请选择操作: ===== 用户登录 =====
用户名: 密码: 您的账户尚未被管理员批准，请等待审批。

===== 物品复活系统 =====
1. 登录
2. 注册
e. 退出程序
请选择操作: ===== 用户登录 =====
用户名: 密码: 用户名或密码错误！

===== 物品复活系统 =====
1. 登录
2. 注册
e. 退出程序
请选择操作: 无效选择！

===== 物品复活系统 =====
1. 登录
2. 注册
e. 退出程序
请选择操作: 无效选择！

===== 物品复活系统 =====
1. 登录
2. 注册
e. 退出程序
请选择操作: 无效选择！

===== 物品复活系统 =====
1. 登录
2. 注册
e. 退出程序
请选择操作: 无效选择！

===== 物品复活系统 =====
1. 登录
2. 注册
e. 退出程序
请选择操作: 无效选择！

===== 物品复活系统 =====
1. 登录
2. 注册
e. 退出程序
请选择操作: 无效选择！

===== 物品复活系统 =====
1. 登录
2. 注册
e. 退出程序
请选择操作: 无效选择！

===== 物品复活系统 =====
1. 登录
2. 注册
e. 退出程序
请选择操作: 无效选择！

===== 物品复活系统 =====
1. 登录
2. 注册
e. 退出程序
请选择操作: 无效选择！

===== 物品复活系统 =====
1. 登录
2. 注册
e. 退出程序
请选择操作: 无效选择！

===== 物品复活系统 =====
1. 登录
2. 注册
e. 退出程序
请选择操作: 无效选择！

===== 物品复活系统 =====
1. 登录
2. 注册
e. 退出程序
请选择操作: 无效选择！

===== 物品复活系统 =====
1. 登录
2. 注册
e. 退出程序
请选择操作: 无效选择！

===== 物品复活系统 =====
1. 登录
2. 注册
e. 退出程序
请选择操作: 无效选择！

===== 物品复活系统 =====
1. 登录
2. 注册
e. 退出程序
请选择操作: 无效选择！

===== 物品复活系统 =====
1. 登录
2. 注册
e. 退出程序
请选择操作: 无效选择！

===== 物品复活系统 =====
1. 登录
2. 注册
e. 退出程序
请选择操作: 无效选择！

===== 物品复活系统 =====
1. 登录
2. 注册
e. 退出程序
请选择操作: 无效选择！

===== 物品复活系统 =====
1. 登录
2. 注册
e. 退出程序
请选择操作: 无效选择！

===== 物品复活系统 =====
1. 登录
2. 注册
e. 退出程序
请选择操作: 无效选择！

===== 物品复活系统 =====
1. 登录
2. 注册
e. 退出程序
请选择操作: 无效选择！

===== 物品复活系统 =====
1. 登录
2. 注册
e. 退出程序
请选择操作: 无效选择！

===== 物品复活系统 =====
1. 登录
2. 注册
e. 退出程序
请选择操作: 无效选择！

===== 物品复活系统 =====
1. 登录
2. 注册
e. 退出程序
请选择操作: 无效选择！

===== 物品复活系统 =====
1. 登录
2. 注册
e. 退出程序
请选择操作: 无效选择！

===== 物品复活系统 =====
1. 登录
2. 注册
e. 退出程序
请选择操作: 无效选择！

===== 物品复活系统 =====
1. 登录
2. 注册
e. 退出程序
请选择操作: 无效选择！

===== 物品复活系统 =====
1. 登录
2. 注册
e. 退出程序
请选择操作: 无效选择！

===== 物品复活系统 =====
1. 登录
2. 注册
e. 退出程序
请选择操作: ===== 用户登录 =====
用户名: 密码: 用户名或密码错误！

===== 物品复活系统 =====
1. 登录
2. 注册
e. 退出程序
请选择操作: 无效选择！

===== 物品复活系统 =====
1. 登录
2. 注册
e. 退出程序
请选择操作: 无效选择！

===== 物品复活系统 =====
1. 登录
2. 注册
e. 退出程序
请选择操作: 无效选择！

===== 物品复活系统 =====
1. 登录
2. 注册
e. 退出程序
请选择操作: 无效选择！

===== 物品复活系统 =====
1. 登录
2. 注册
e. 退出程序
请选择操作: 无效选择！

===== 物品复活系统 =====
1. 登录
2. 注册
e. 退出程序
请选择操作: 无效选择！

===== 物品复活系统 =====
1. 登录
2. 注册
e. 退出程序
请选择操作: 无效选择！

===== 物品复活系统 =====
1. 登录
2. 注册
e. 退出程序
请选择操作: 无效选择！

===== 物品复活系统 =====
1. 登录
2. 注册
e. 退出程序
请选择操作: 无效选择！

===== 物品复活系统 =====
1. 登录
2. 注册
e. 退出程序
请选择操作: 无效选择！

===== 物品复活系统 =====
1. 登录
2. 注册
e. 退出程序
请选择操作: 无效选择！

===== 物品复活系统 =====
1. 登录
2. 注册
e. 退出程序
请选择操作: 无效选择！

===== 物品复活系统 =====
1. 登录
2. 注册
e. 退出程序
请选择操作: ===== 用户登录 =====
用户名: 密码: 用户名或密码错误！

===== 物品复活系统 =====
1. 登录
2. 注册
e. 退出程序
请选择操作: 无效选择！

===== 物品复活系统 =====
1. 登录
2. 注册
e. 退出程序
请选择操作: 无效选择！

===== 物品复活系统 =====
1. 登录
2. 注册
e. 退出程序
请选择操作: ===== 用户登录 =====
用户名: 密码: 用户名或密码错误！

===== 物品复活系统 =====
1. 登录
2. 注册
e. 退出程序
请选择操作: 再见！
